2025-03-02 22:19:39,748 - INFO - Application started
2025-03-02 22:19:49,075 - INFO - Application closed
2025-03-04 10:06:31,462 - INFO - Application started
2025-03-04 10:06:43,529 - INFO - Application closed
2025-03-08 12:08:10,049 - INFO - Application started
2025-03-08 12:08:18,377 - INFO - Video uploaded: /home/fawwaz/Downloads/CityUtdR.mp4
2025-03-08 12:11:22,337 - INFO - Video uploaded: /home/fawwaz/Downloads/vid_2.mkv
2025-03-08 12:11:31,162 - INFO - Application closed
2025-03-08 12:13:35,425 - INFO - Application started
2025-03-08 12:26:22,322 - INFO - Application started
2025-03-08 12:26:29,998 - INFO - Video uploaded: /home/fawwaz/Downloads/vid_2.mkv
2025-03-08 12:26:31,117 - INFO - Video processing started
2025-03-08 12:26:31,581 - ERROR - Processing error: 'VideoProcessor' object has no attribute 'process_frame'
2025-03-08 12:26:31,582 - ERROR - Processing error: 'VideoProcessor' object has no attribute 'process_frame'
2025-03-08 12:26:33,303 - ERROR - Video processing failed
2025-03-08 12:26:41,112 - INFO - Video processing started
2025-03-08 12:26:41,297 - ERROR - Processing error: 'VideoProcessor' object has no attribute 'process_frame'
2025-03-08 12:26:41,297 - ERROR - Processing error: 'VideoProcessor' object has no attribute 'process_frame'
2025-03-08 12:26:42,410 - ERROR - Video processing failed
2025-03-08 12:26:44,645 - INFO - Default team sheet saved
2025-03-08 12:26:44,645 - INFO - Team sheet updated
2025-03-08 12:26:45,309 - INFO - Video processing started
2025-03-08 12:26:45,505 - ERROR - Processing error: 'VideoProcessor' object has no attribute 'process_frame'
2025-03-08 12:26:45,505 - ERROR - Processing error: 'VideoProcessor' object has no attribute 'process_frame'
2025-03-08 12:26:46,777 - ERROR - Video processing failed
2025-03-08 12:26:51,082 - INFO - Video uploaded: /home/fawwaz/Downloads/CityUtdR.mp4
2025-03-08 12:26:52,414 - INFO - Video processing started
2025-03-08 12:26:52,434 - ERROR - Processing error: 'VideoProcessor' object has no attribute 'process_frame'
2025-03-08 12:26:52,434 - ERROR - Processing error: 'VideoProcessor' object has no attribute 'process_frame'
2025-03-08 12:26:53,592 - ERROR - Video processing failed
2025-03-08 12:26:55,054 - INFO - Application closed
2025-03-08 12:27:18,521 - INFO - Application started
2025-03-08 12:27:28,479 - INFO - Video uploaded: /home/fawwaz/Downloads/vid_2.mkv
2025-03-08 12:27:29,175 - INFO - Video processing started
2025-03-08 12:27:29,411 - ERROR - Processing error: VideoProcessor.process_frame() takes 5 positional arguments but 6 were given
2025-03-08 12:27:29,411 - ERROR - Processing error: VideoProcessor.process_frame() takes 5 positional arguments but 6 were given
2025-03-08 12:27:30,584 - ERROR - Video processing failed
2025-03-08 12:29:01,470 - INFO - Application started
2025-03-08 12:29:06,865 - INFO - Video uploaded: /home/fawwaz/Downloads/vid_2.mkv
2025-03-08 12:29:07,732 - INFO - Video processing started
2025-03-08 12:32:25,553 - INFO - Application started
2025-03-08 12:32:33,457 - INFO - Video uploaded: /home/fawwaz/Downloads/vid_2.mkv
2025-03-08 12:32:37,853 - INFO - Video processing started
2025-03-08 12:32:38,908 - ERROR - Processing error: name 'minutes' is not defined
2025-03-08 12:32:38,908 - ERROR - Processing error: name 'minutes' is not defined
2025-03-08 12:32:40,149 - ERROR - Video processing failed
2025-03-08 12:32:41,754 - INFO - Application closed
2025-03-08 12:33:00,475 - INFO - Application started
2025-03-08 12:33:22,421 - INFO - Video uploaded: /home/fawwaz/Downloads/vid_2.mkv
2025-03-08 17:06:50,261 - INFO - Application started
2025-03-08 17:06:52,587 - INFO - Application closed
2025-04-24 20:04:01,362 - INFO - Application started
2025-04-24 20:04:19,153 - INFO - Video uploaded: /home/fawwaz/Downloads/CityUtdR.mp4
2025-04-24 20:04:46,994 - INFO - Video processing started
2025-04-24 20:04:48,672 - ERROR - Processing error: name 'Path' is not defined
2025-04-24 20:04:48,673 - ERROR - Processing error: name 'Path' is not defined
2025-04-24 20:04:50,131 - ERROR - Video processing failed
2025-04-24 20:47:56,876 - INFO - Application started
2025-04-24 20:48:02,998 - INFO - Video uploaded: /home/fawwaz/Downloads/CityUtdR.mp4
2025-04-25 15:48:25,105 - INFO - Application started
2025-04-25 15:48:31,324 - INFO - Video uploaded: /home/fawwaz/Downloads/CityUtdR.mp4
